// Jest Snapshot v1, https://goo.gl/fbAQLP

exports[`ClayAlert renders 1`] = `true`;
