// Jest Snapshot v1, https://goo.gl/fbAQLP

exports[`ClayLayout renders 1`] = `
<div>
  <div
    class="container"
  >
    <div
      class="row justify-content-start"
    >
      <div
        class="col-4"
      >
        One of two columns
      </div>
      <div
        class="col-4"
      >
        One of two columns
      </div>
    </div>
    <div
      class="row justify-content-center"
    >
      <div
        class="col-4"
      >
        One of two columns
      </div>
      <div
        class="col-4"
      >
        One of two columns
      </div>
    </div>
    <div
      class="row justify-content-end"
    >
      <div
        class="col-4"
      >
        One of two columns
      </div>
      <div
        class="col-4"
      >
        One of two columns
      </div>
    </div>
    <div
      class="row justify-content-around"
    >
      <div
        class="col-4"
      >
        One of two columns
      </div>
      <div
        class="col-4"
      >
        One of two columns
      </div>
    </div>
    <div
      class="row justify-content-between"
    >
      <div
        class="col-4"
      >
        One of two columns
      </div>
      <div
        class="col-4"
      >
        One of two columns
      </div>
    </div>
  </div>
  <div
    class="row"
  >
    <div
      class="col-12 col-md-8"
    >
      .col-12 .col-md-8
    </div>
    <div
      class="col-6 col-md-4"
    >
      .col-6 .col-md-4
    </div>
  </div>
  <div
    class="row"
  >
    <div
      class="col-6 col-md-4"
    >
      .col-6 .col-md-4
    </div>
    <div
      class="col-6 col-md-4"
    >
      .col-6 .col-md-4
    </div>
    <div
      class="col-6 col-md-4"
    >
      .col-6 .col-md-4
    </div>
  </div>
  <div
    class="row"
  >
    <div
      class="col-6"
    >
      .col-6
    </div>
    <div
      class="col-6"
    >
      .col-6
    </div>
  </div>
  <div
    class="row"
  >
    <div
      class="col"
    >
      First, but unordered
    </div>
    <div
      class="col order-12"
    >
      Second, but last
    </div>
    <div
      class="col order-1"
    >
      Third, but first
    </div>
  </div>
</div>
`;
